nav items: 14
  toggle[0] failed: Exception calling "GetCurrentPattern" with "1" argument(s): "Unsupported Pattern."
  [0] state before=unknown
OK np-dash
  toggle[1] failed: Exception calling "GetCurrentPattern" with "1" argument(s): "Unsupported Pattern."
  [1] state before=unknown
OK np-dns
  toggle[2] failed: Exception calling "GetCurrentPattern" with "1" argument(s): "Unsupported Pattern."
  [2] state before=unknown
OK np-bench
  toggle[3] failed: Exception calling "GetCurrentPattern" with "1" argument(s): "Unsupported Pattern."
  [3] state before=unknown
OK np-smartdns
  toggle[4] failed: Exception calling "GetCurrentPattern" with "1" argument(s): "Unsupported Pattern."
  [4] state before=unknown
OK np-monitor
  toggle[5] failed: Exception calling "GetCurrentPattern" with "1" argument(s): "Unsupported Pattern."
  [5] state before=unknown
OK np-perapp
  toggle[6] failed: Exception calling "GetCurrentPattern" with "1" argument(s): "Unsupported Pattern."
  [6] state before=unknown
OK np-limiter
  toggle[7] failed: Exception calling "GetCurrentPattern" with "1" argument(s): "Unsupported Pattern."
  [7] state before=unknown
OK np-sched
  toggle[8] failed: Exception calling "GetCurrentPattern" with "1" argument(s): "Unsupported Pattern."
  [8] state before=unknown
OK np-history
  toggle[9] failed: Exception calling "GetCurrentPattern" with "1" argument(s): "Unsupported Pattern."
  [9] state before=unknown
OK np-events
  toggle[10] failed: Exception calling "GetCurrentPattern" with "1" argument(s): "Unsupported Pattern."
  [10] state before=unknown
OK np-tools
  toggle[11] failed: Exception calling "GetCurrentPattern" with "1" argument(s): "Unsupported Pattern."
  [11] state before=unknown
OK np-adapter
  toggle[12] failed: Exception calling "GetCurrentPattern" with "1" argument(s): "Unsupported Pattern."
  [12] state before=unknown
OK np-profiles
  toggle[13] failed: Exception calling "GetCurrentPattern" with "1" argument(s): "Unsupported Pattern."
  [13] state before=unknown
OK np-settings
DONE
